***** External Functions *****
1    AddFontRegistrationToLog                           isrt.obl(Misc.obs)
2    AppSearch                                          isrt.obl(Driver.obs)
3    AskYesNo                                           isrt.obl(ISRTScriptDialogsPriv.obs)
4    CCPSearch                                          isrt.obl(Driver.obs)
5    ChangeDirectory                                    isrt.obl(Files.obs)
6    CloseFile                                          isrt.obl(Files.obs)
7    CmdGetHwndDlg                                      isrt.obl(CustomDialog.obs)
8    ComponentAddFileToLog                              isrt.obl(component.obs)
9    ComponentCompareSizeRequired                       isrt.obl(component.obs)
10   ComponentGetData                                   isrt.obl(component.obs)
11   ComponentGetTotalCost                              isrt.obl(component.obs)
12   ComponentIsItemSelected                            isrt.obl(component.obs)
13   ComponentListItems                                 isrt.obl(component.obs)
14   ComponentSelectItem                                isrt.obl(component.obs)
15   ComponentTreeInit                                  isrt.obl(Dialogs.obs)
16   CopyFile                                           isrt.obl(Files.obs)
17   CreateDir                                          isrt.obl(Files.obs)
18   CreateFile                                         isrt.obl(Files.obs)
19   CreateInstallationInfo                             isrt.obl(Registry.obs)
20   CreateRegistrySet                                  isrt.obl(Feature.obs)
21   CtrlGetCurSel                                      isrt.obl(CustomDialog.obs)
22   CtrlGetDlgItem                                     isrt.obl(CustomDialog.obs)
23   CtrlGetNotificationCode                            isrt.obl(CustomDialog.obs)
24   CtrlGetState                                       isrt.obl(CustomDialog.obs)
25   CtrlGetSubCommand                                  isrt.obl(CustomDialog.obs)
26   CtrlGetText                                        isrt.obl(CustomDialog.obs)
27   CtrlSelectText                                     isrt.obl(CustomDialog.obs)
28   CtrlSetList                                        isrt.obl(CustomDialog.obs)
29   CtrlSetState                                       isrt.obl(CustomDialog.obs)
30   CtrlSetText                                        isrt.obl(CustomDialog.obs)
31   DIFxDriverPackageUninstall                         isrt.obl(ISDIFx.obs)
32   DRMINSTALLERPRO.DRMInstallPRO                      isrt.obl(Activation.obs)
33   DRMINSTALLERPRO.DRMUnInstallPRO                    isrt.obl(Activation.obs)
34   DefineDialog                                       isrt.obl(CustomDialog.obs)
35   Delay                                              isrt.obl(Misc.obs)
36   DeleteFile                                         isrt.obl(Files.obs)
37   DeleteSingleFile                                   isrt.obl(Files.obs)
38   DialogSetDefaultFont                               isrt.obl(Dialogs.obs)
39   DialogSetFont                                      isrt.obl(Dialogs.obs)
40   DialogSetInfo                                      isrt.obl(Dialogs.obs)
41   Disable                                            isrt.obl(Enable.obs)
42   DllSizeOf                                          isrt.obl(Str.obs)
43   Do                                                 isrt.obl(Misc.obs)
44   Enable                                             isrt.obl(Enable.obs)
45   EndCurrentDialog                                   isrt.obl(Dialogs.obs)
46   EndDialog                                          isrt.obl(CustomDialog.obs)
47   EnterDisk                                          isrt.obl(ISRTScriptDialogs.obs)
48   EnterDiskError                                     isrt.obl(ISRTScriptDialogs.obs)
49   EnterPassword                                      isrt.obl(ISRTScriptDialogs.obs)
50   ExistsDir                                          isrt.obl(Files.obs)
51   ExistsDisk                                         isrt.obl(Files.obs)
52   ExitInstall                                        isrt.obl(Driver.obs)
53   EzDefineDialog                                     isrt.obl(CustomDialog.obs)
54   FeatureAddFileToLog                                isrt.obl(Feature.obs)
55   FeatureCompareSizeRequired                         isrt.obl(Feature.obs)
56   FeatureErrorInfo                                   isrt.obl(Feature.obs)
57   FeatureFilterLanguage                              isrt.obl(Feature.obs)
58   FeatureFilterOS                                    isrt.obl(Feature.obs)
59   FeatureGetData                                     isrt.obl(Feature.obs)
60   FeatureGetTotalCost                                isrt.obl(Feature.obs)
61   FeatureIsItemSelected                              isrt.obl(Feature.obs)
62   FeatureListItems                                   isrt.obl(Feature.obs)
63   FeaturePatch                                       isrt.obl(Feature.obs)
64   FeatureReinstall                                   isrt.obl(Feature.obs)
65   FeatureRemoveAllInLogOnly                          isrt.obl(Feature.obs)
66   FeatureRemoveAllInMedia                            isrt.obl(Feature.obs)
67   FeatureRemoveAllInMediaAndLog                      isrt.obl(Feature.obs)
68   FeatureSaveTarget                                  isrt.obl(Feature.obs)
69   FeatureSelectItem                                  isrt.obl(Feature.obs)
70   FeatureSelectNew                                   isrt.obl(Feature.obs)
71   FeatureSetTarget                                   isrt.obl(Feature.obs)
72   FeatureTransferData                                isrt.obl(Feature.obs)
73   FeatureUpdate                                      isrt.obl(Feature.obs)
74   FeatureValidate                                    isrt.obl(Feature.obs)
75   FileGrep                                           isrt.obl(Files.obs)
76   FinalConstruct                                     ifx.obl(EventsPriv.obs)
77   FinalRelease                                       ifx.obl(EventsPriv.obs)
78   FindFile                                           isrt.obl(Files.obs)
79   FormatMessage                                      isrt.obl(Misc.obs)
80   GDI32.AddFontResource                              Setup.obs
81   GDI32.CreateRectRgn                                Setup.obs
82   GDI32.GetDeviceCaps                                Setup.obs
83   GDI32.RemoveFontResource                           Setup.obs
84   GetAddRemove                                       isrt.obl(SysVars.obs)
85   GetBillboard                                       isrt.obl(SysVars.obs)
86   GetCurrentDialogName                               isrt.obl(Dialogs.obs)
87   GetCurrentDir                                      isrt.obl(Files.obs)
88   GetDialogTitle                                     isrt.obl(Dialogs.obs)
89   GetDir                                             isrt.obl(Str.obs)
90   GetDisk                                            isrt.obl(Str.obs)
91   GetDiskSpace                                       isrt.obl(GSI.obs)
92   GetDiskSpaceEx                                     isrt.obl(GSI.obs)
93   GetEnabledIServices                                isrt.obl(SysVars.obs)
94   GetErrorMsg                                        isrt.obl(Dialogs.obs)
95   GetErrorTitle                                      isrt.obl(Dialogs.obs)
96   GetExtents                                         isrt.obl(GSI.obs)
97   GetFolderApplications                              isrt.obl(SysVars.obs)
98   GetFolderApplications64                            isrt.obl(SysVars.obs)
99   GetFolderDotNet10                                  isrt.obl(SysVars.obs)
100  GetFolderDotNet11                                  isrt.obl(SysVars.obs)
101  GetFolderDotNet20                                  isrt.obl(SysVars.obs)
102  GetFolderFonts                                     isrt.obl(SysVars.obs)
103  GetISRes                                           isrt.obl(SysVars.obs)
104  GetISUser                                          isrt.obl(SysVars.obs)
105  GetInstallScriptMSI                                isrt.obl(SysVars.obs)
106  GetInstallScriptMSIEEUI                            isrt.obl(SysVars.obs)
107  GetInstanceGUID                                    isrt.obl(SysVars.obs)
108  GetKeyPathWinCurrVerAuto                           isrt.obl(SysVars.obs)
109  GetLine                                            isrt.obl(Files.obs)
110  GetLog                                             isrt.obl(SysVars.obs)
111  GetLogEx                                           isrt.obl(SysVars.obs)
112  GetMaintOption                                     isrt.obl(SysVars.obs)
113  GetMaintenance                                     isrt.obl(SysVars.obs)
114  GetMultiInstanceCount                              isrt.obl(SysVars.obs)
115  GetOpenFileMode                                    isrt.obl(Files.obs)
116  GetPackageLocation                                 isrt.obl(SysVars.obs)
117  GetProductGUID                                     isrt.obl(SysVars.obs)
118  GetProfSectionKeyCount                             isrt.obl(Profile.obs)
119  GetProfString                                      isrt.obl(Profile.obs)
120  GetProfStringList                                  isrt.obl(Profile.obs)
121  GetProgramFiles                                    isrt.obl(SysVars.obs)
122  GetReinstallMode                                   isrt.obl(SysVars.obs)
123  GetRemoveAllMode                                   isrt.obl(SysVars.obs)
124  GetRemoveOnly                                      isrt.obl(SysVars.obs)
125  GetSelectedTreeComponent                           isrt.obl(CmptView.obs)
126  GetShowPasswordDialog                              isrt.obl(SysVars.obs)
127  GetStandardSelectedLanguage                        isrt.obl(SysVars.obs)
128  GetSupportDir                                      isrt.obl(SysVars.obs)
129  GetSystemInfo                                      isrt.obl(GSI.obs)
130  GetTempFolder                                      isrt.obl(SysVars.obs)
131  GetTrueTypeFontFileInfo                            isrt.obl(Misc.obs)
132  GetUserSelectableAuto                              isrt.obl(SysVars.obs)
133  GetWinDir                                          isrt.obl(SysVars.obs)
134  GetWinSysDir                                       isrt.obl(SysVars.obs)
135  GetWindowHandle                                    isrt.obl(Misc.obs)
136  HIWORD                                             isrt.obl(Misc.obs)
137  ISDeterminePlatform                                isrt.obl(OsInfo.obs)
138  ISMIF32.InstallStatusMIF                           isrt.obl(MIF.obs)
139  ISRT.ComponentViewSetInfoEx                        isrt.obl(Dialogs.obs)
140  ISRT.EnableHourGlass                               isrt.obl(Enable.obs)
141  ISRT.GetCPUType                                    isrt.obl(GSI.obs)
142  ISRT.GetFontSub                                    isrt.obl(Dialogs.obs)
143  ISRT.GetHandle                                     Setup.obs
144  ISRT.GetPorts                                      isrt.obl(GSI.obs)
145  ISRT.IsEmpty                                       Setup.obs
146  ISRT.IsNTAdmin                                     isrt.obl(Is.obs)
147  ISRT.IsObject                                      Setup.obs
148  ISRT.IsPowerUser                                   isrt.obl(Is.obs)
149  ISRT.LangLoadString                                isrt.obl(SDINT.obs)
150  ISRT.MessageBeepP                                  Setup.obs
151  ISRT.PathCompactPathPixel                          isrt.obl(CustomDialog.obs)
152  ISRT.PathGetDir                                    isrt.obl(Str.obs)
153  ISRT.PathGetDrive                                  isrt.obl(Str.obs)
154  ISRT.PathGetFile                                   isrt.obl(Files.obs)
155  ISRT.PathGetFileExt                                isrt.obl(Str.obs)
156  ISRT.PathGetFileName                               isrt.obl(Str.obs)
157  ISRT.PathGetLongFromShort                          isrt.obl(Str.obs)
158  ISRT.PathGetPath                                   isrt.obl(Str.obs)
159  ISRT.PathIsValidSyntax                             isrt.obl(Is.obs)
160  ISRT.VerGetFileVersion                             Setup.obs
161  ISRT._AppSearch                                    Setup.obs
162  ISRT._BrowseForFolder                              isrt.obl(ISRTScriptDialogsPriv.obs)
163  ISRT._CCPSearch                                    Setup.obs
164  ISRT._CleanupInet                                  isrt.obl(MIO.obs)
165  ISRT._CloseFile                                    isrt.obl(Files.obs)
166  ISRT._CmdGetHwndDlg                                isrt.obl(CustomDialog.obs)
167  ISRT._CompareDWORD                                 isrt.obl(Extend.obs)
168  ISRT._ComponentCompareSizeRequired                 isrt.obl(Feature.obs)
169  ISRT._ComponentErrorInfo                           isrt.obl(Feature.obs)
170  ISRT._ComponentFilterLanguage                      isrt.obl(Feature.obs)
171  ISRT._ComponentFilterOS                            isrt.obl(Feature.obs)
172  ISRT._ComponentGetData                             isrt.obl(Feature.obs)
173  ISRT._ComponentGetTotalCost                        isrt.obl(Feature.obs)
174  ISRT._ComponentGetTotalCostEx                      Setup.obs
175  ISRT._ComponentIsItemSelected                      isrt.obl(Feature.obs)
176  ISRT._ComponentListItems                           isrt.obl(Feature.obs)
177  ISRT._ComponentPatch                               isrt.obl(Feature.obs)
178  ISRT._ComponentReinstall                           isrt.obl(Feature.obs)
179  ISRT._ComponentRemoveAll                           isrt.obl(Feature.obs)
180  ISRT._ComponentRemoveAllInLogOnly                  isrt.obl(Feature.obs)
181  ISRT._ComponentSaveTarget                          isrt.obl(Feature.obs)
182  ISRT._ComponentSelectItem                          isrt.obl(Feature.obs)
183  ISRT._ComponentSelectNew                           isrt.obl(Feature.obs)
184  ISRT._ComponentTransferData                        isrt.obl(Feature.obs)
185  ISRT._ComponentUpdate                              isrt.obl(Feature.obs)
186  ISRT._ComponentValidate                            isrt.obl(Feature.obs)
187  ISRT._CreateDir                                    isrt.obl(Files.obs)
188  ISRT._CreateRegistrySet                            isrt.obl(Feature.obs)
189  ISRT._CtrlGetNotificationCode                      isrt.obl(CustomDialog.obs)
190  ISRT._CtrlGetSubCommand                            isrt.obl(CustomDialog.obs)
191  ISRT._CtrlSetHtmlContent                           isrt.obl(CustomDialog.obs)
192  ISRT._DIFxDriverPackageUninstall                   isrt.obl(ISDIFx.obs)
193  ISRT._DefineDialog                                 isrt.obl(CustomDialog.obs)
194  ISRT._DialogSetFont                                isrt.obl(Dialogs.obs)
195  ISRT._DisableStatus                                isrt.obl(Enable.obs)
196  ISRT._DoSprintf                                    isrt.obl(ISRTScriptDialogsPriv.obs)
197  ISRT._EnableDialogCache                            isrt.obl(Enable.obs)
198  ISRT._EnablePrevDialog                             Setup.obs
199  ISRT._EnableSkins                                  isrt.obl(Enable.obs)
200  ISRT._EnableStatus                                 isrt.obl(Enable.obs)
201  ISRT._EnableWow64FsRedirection                     isrt.obl(Enable.obs)
202  ISRT._EndDialog                                    isrt.obl(CustomDialog.obs)
203  ISRT._ExistsDir                                    isrt.obl(Files.obs)
204  ISRT._ExistsDisk                                   isrt.obl(Files.obs)
205  ISRT._ExistsFile                                   isrt.obl(Files.obs)
206  ISRT._ExitInstall                                  Setup.obs
207  ISRT._FileCopy                                     isrt.obl(Files.obs)
208  ISRT._GetCurrentDialogName                         isrt.obl(Dialogs.obs)
209  ISRT._GetDiskSpaceEx                               isrt.obl(GSI.obs)
210  ISRT._GetDiskSpaceExEx                             Setup.obs
211  ISRT._GetGlobalMemorySize                          isrt.obl(GSI.obs)
212  ISRT._GetLine                                      isrt.obl(Files.obs)
213  ISRT._GetLineSize                                  isrt.obl(Files.obs)
214  ISRT._GetProcessorInfo                             isrt.obl(OsInfo.obs)
215  ISRT._GetRunningChildProcessEx2                    isrt.obl(Extend.obs)
216  ISRT._GetSelectedTreeComponent                     isrt.obl(CmptView.obs)
217  ISRT._GetStandardLangId                            isrt.obl(Misc.obs)
218  ISRT._GetSupportDir                                isrt.obl(SysVars.obs)
219  ISRT._GetTrueTypeFontFileInfo                      isrt.obl(Misc.obs)
220  ISRT._GetVirtualMachineType                        isrt.obl(GSI.obs)
221  ISRT._InetEndofTransfer                            isrt.obl(iftw.obs)
222  ISRT._InetGetNextDisk                              isrt.obl(iftw.obs)
223  ISRT._InitInstall                                  Setup.obs
224  ISRT._IsFontTypefaceNameAvailable                  isrt.obl(Is.obs)
225  ISRT._IsInAdminGroup                               isrt.obl(Is.obs)
226  ISRT._IsLangSupported                              isrt.obl(Is.obs)
227  ISRT._IsSkinLoaded                                 isrt.obl(Is.obs)
228  ISRT._IsVirtualMachine                             isrt.obl(OsInfo.obs)
229  ISRT._IsWindowsME                                  isrt.obl(GSI.obs)
230  ISRT._IsWow64                                      isrt.obl(OsInfo.obs)
231  ISRT._ListAddItem                                  isrt.obl(scrlist.obs)
232  ISRT._ListAddString                                isrt.obl(scrlist.obs)
233  ISRT._ListCount                                    isrt.obl(scrlist.obs)
234  ISRT._ListCreate                                   isrt.obl(scrlist.obs)
235  ISRT._ListCurrentString                            isrt.obl(scrlist.obs)
236  ISRT._ListDeleteItem                               isrt.obl(scrlist.obs)
237  ISRT._ListDeleteString                             isrt.obl(scrlist.obs)
238  ISRT._ListDestroy                                  isrt.obl(scrlist.obs)
239  ISRT._ListFindString                               isrt.obl(scrlist.obs)
240  ISRT._ListGetFirstItem                             isrt.obl(scrlist.obs)
241  ISRT._ListGetFirstString                           isrt.obl(scrlist.obs)
242  ISRT._ListGetNextItem                              isrt.obl(scrlist.obs)
243  ISRT._ListGetNextString                            isrt.obl(scrlist.obs)
244  ISRT._ListGetType                                  isrt.obl(scrlist.obs)
245  ISRT._ListReadFromFile                             isrt.obl(scrlist.obs)
246  ISRT._ListSetIndex                                 isrt.obl(scrlist.obs)
247  ISRT._ListWriteToFile                              isrt.obl(scrlist.obs)
248  ISRT._MediaGetFilteringInfo                        isrt.obl(Feature.obs)
249  ISRT._MediaGetInfo                                 isrt.obl(Feature.obs)
250  ISRT._OnUninstPriv                                 Setup.obs
251  ISRT._OpenFile                                     isrt.obl(Files.obs)
252  ISRT._Preprogram                                   Setup.obs
253  ISRT._Rebooted                                     Setup.obs
254  ISRT._RegCreateKey                                 isrt.obl(Registry.obs)
255  ISRT._RegDeleteValue                               isrt.obl(Registry.obs)
256  ISRT._RegEnableTextSubs                            isrt.obl(Enable.obs)
257  ISRT._RegEnum                                      isrt.obl(Registry.obs)
258  ISRT._RegGetOptions                                isrt.obl(SysVars.obs)
259  ISRT._RegIsRemoteRegConnected                      isrt.obl(Is.obs)
260  ISRT._RegQueryKeyBinaryValue                       isrt.obl(Registry.obs)
261  ISRT._RegQueryKeyValue                             isrt.obl(Registry.obs)
262  ISRT._RegSetKeyBinaryValue                         isrt.obl(Registry.obs)
263  ISRT._RegSetKeyValue                               isrt.obl(Registry.obs)
264  ISRT._RegSetOptions                                isrt.obl(SysVars.obs)
265  ISRT._ReleaseDialog                                isrt.obl(CustomDialog.obs)
266  ISRT._SdShowMsg                                    isrt.obl(ISRTScriptDialogsPriv.obs)
267  ISRT._SetAltMainImage                              isrt.obl(Dialogs.obs)
268  ISRT._SetDisplayEffect                             isrt.obl(ui.obs)
269  ISRT._SetPaletteFile                               isrt.obl(MIO.obs)
270  ISRT._SetSilentSdShowMsg                           isrt.obl(Enable.obs)
271  ISRT._SetTitle                                     isrt.obl(ui.obs)
272  ISRT._SetupInet                                    isrt.obl(MIO.obs)
273  ISRT._SetupTraceWrite                              isrt.obl(Misc.obs)
274  ISRT._ShowObjWizardPages                           isrt.obl(Objects.obs)
275  ISRT._ShowWizardPages                              Setup.obs
276  ISRT._StatusUpdate                                 isrt.obl(ui.obs)
277  ISRT._TreeViewCreate                               isrt.obl(CmptView.obs)
278  ISRT._WaitOnDialog                                 isrt.obl(CustomDialog.obs)
279  ISRT._WriteLine                                    isrt.obl(Files.obs)
280  ISRT.__CreateObjectContext                         isrt.obl(ISRTInit.obs)
281  ISRT.__GetCmdLineOptions                           isrt.obl(ISRTInit.obs)
282  ISRT.__GetContextGUID                              isrt.obl(ISRTInit.obs)
283  ISRT.__GetEnabledIServices                         isrt.obl(SysVars.obs)
284  ISRT.__GetFileRegistrar                            isrt.obl(ISRTInit.obs)
285  ISRT.__GetInfo                                     isrt.obl(ISRTInit.obs)
286  ISRT.__GetInstallGuid                              isrt.obl(SysVars.obs)
287  ISRT.__GetLog                                      isrt.obl(SysVars.obs)
288  ISRT.__GetLogDB                                    isrt.obl(ISRTInit.obs)
289  ISRT.__GetLogEx                                    isrt.obl(SysVars.obs)
290  ISRT.__GetMainWindow                               Setup.obs
291  ISRT.__GetMaintOption                              isrt.obl(SysVars.obs)
292  ISRT.__GetMaintenanceMode                          isrt.obl(SysVars.obs)
293  ISRT.__GetObjects                                  isrt.obl(ISRTInit.obs)
294  ISRT.__GetProductGuid                              isrt.obl(SysVars.obs)
295  ISRT.__GetProgress                                 Setup.obs
296  ISRT.__GetReboot                                   isrt.obl(ISRTInit.obs)
297  ISRT.__GetReinstallMode                            isrt.obl(SysVars.obs)
298  ISRT.__GetRemoveAllMode                            isrt.obl(SysVars.obs)
299  ISRT.__GetTextSub                                  isrt.obl(ISRTInit.obs)
300  ISRT.__GetUpdateMode                               isrt.obl(SysVars.obs)
301  ISRT.__GetUser                                     isrt.obl(MIO.obs)
302  ISRT.__ISRTGetPropertyBag                          ifx.obl(PersistPropertyBag.obs)
303  ISRT.__ISRTReleasePropertyBag                      ifx.obl(PersistPropertyBag.obs)
304  ISRT.__LoadString                                  isrt.obl(LoadStr.obs)
305  ISRT.__PutEnabledIServices                         isrt.obl(Enable.obs)
306  ISRT.__ReleaseObjectContext                        isrt.obl(ISRTInit.obs)
307  ISRT.__RestoreMainLog                              isrt.obl(ISRTInit.obs)
308  ISRT.__RestoreMainLogEx                            isrt.obl(ISRTInit.obs)
309  ISRT.__SetComponentLog                             isrt.obl(ISRTInit.obs)
310  ISRT.__SetUpdateMode                               isrt.obl(SysVars.obs)
311  ISRTHandleScriptException                          isrt.obl(Misc.obs)
312  ISRTOnUninstPriv                                   isrt.obl(Driver.obs)
313  ISRTPreprogram                                     isrt.obl(Driver.obs)
314  IfxFilterComponents                                ifx.obl(EventsSetupPriv.obs)
315  IfxFinalConstruct                                  ifx.obl(EventsSetupPriv.obs)
316  IfxFinalRelease                                    ifx.obl(EventsSetupPriv.obs)
317  IfxInitProperties                                  ifx.obl(PersistPropertyBag.obs)
318  IfxOnAbortInstall                                  ifx.obl(EventsPriv.obs)
319  IfxOnAppSearch                                     ifx.obl(EventsPriv.obs)
320  IfxOnCCPSearch                                     ifx.obl(EventsPriv.obs)
321  IfxOnCanceling                                     ifx.obl(EventsPriv.obs)
322  IfxOnDisk1Installed                                ifx.obl(EventsSetupPriv.obs)
323  IfxOnDisk1Installing                               ifx.obl(EventsSetupPriv.obs)
324  IfxOnExitInstall                                   ifx.obl(EventsSetupPriv.obs)
325  IfxOnFileError                                     ifx.obl(EventsSetupPriv.obs)
326  IfxOnFileLocked                                    ifx.obl(EventsSetupPriv.obs)
327  IfxOnFileReadOnly                                  ifx.obl(EventsSetupPriv.obs)
328  IfxOnGeneralScriptOp                               ifx.obl(EventsPriv.obs)
329  IfxOnHelp                                          ifx.obl(EventsPriv.obs)
330  IfxOnInitInstall                                   ifx.obl(EventsSetupPriv.obs)
331  IfxOnInternetError                                 ifx.obl(EventsSetupPriv.obs)
332  IfxOnMD5Error                                      ifx.obl(EventsSetupPriv.obs)
333  IfxOnNextDisk                                      ifx.obl(EventsSetupPriv.obs)
334  IfxOnRebooted                                      ifx.obl(EventsPriv.obs)
335  IfxOnRemovingSharedFile                            ifx.obl(EventsSetupPriv.obs)
336  IfxOnShowWizardPages                               ifx.obl(EventsSetupPriv.obs)
337  IfxOnTransferred                                   ifx.obl(EventsPriv.obs)
338  IfxOnTransferring                                  ifx.obl(EventsSetupPriv.obs)
339  IfxOnUnhandledException                            ifx.obl(EventsPriv.obs)
340  IfxOnUninst                                        ifx.obl(EventsSetupPriv.obs)
341  IfxOnUninstPriv                                    ifx.obl(EventsSetupPriv.obs)
342  IfxPostprogram                                     ifx.obl(EventsSetupPriv.obs)
343  IfxPreprogram                                      ifx.obl(EventsSetupPriv.obs)
344  IfxReadProperties                                  ifx.obl(PersistPropertyBag.obs)
345  IfxRunAfterReboot                                  ifx.obl(EventsSetupPriv.obs)
346  IfxWriteProperties                                 ifx.obl(PersistPropertyBag.obs)
347  InetEndofTransfer                                  isrt.obl(iftw.obs)
348  InetNextDisk                                       isrt.obl(iftw.obs)
349  InitInstall                                        isrt.obl(Driver.obs)
350  InitProperties                                     ifx.obl(PersistPropertyBag.obs)
351  Is                                                 isrt.obl(Is.obs)
352  IsInetInstall                                      isrt.obl(iftw.obs)
353  KERNEL.GetModuleHandle                             Setup.obs
354  KERNEL32.CloseHandle                               Setup.obs
355  KERNEL32.CreateFileA                               Setup.obs
356  KERNEL32.CreateProcess                             Setup.obs
357  KERNEL32.DeleteFileA                               Setup.obs
358  KERNEL32.FindClose                                 Setup.obs
359  KERNEL32.FindFirstFileA                            Setup.obs
360  KERNEL32.FindNextFileA                             Setup.obs
361  KERNEL32.FormatMessageA                            Setup.obs
362  KERNEL32.FreeLibrary                               Setup.obs
363  KERNEL32.GetCurrentDirectoryA                      Setup.obs
364  KERNEL32.GetDriveType                              Setup.obs
365  KERNEL32.GetExitCodeProcess                        Setup.obs
366  KERNEL32.GetFileAttributesA                        Setup.obs
367  KERNEL32.GetLocalTime                              Setup.obs
368  KERNEL32.GetLocaleInfo                             Setup.obs
369  KERNEL32.GetPrivateProfileSectionA                 Setup.obs
370  KERNEL32.GetPrivateProfileString                   Setup.obs
371  KERNEL32.GetPrivateProfileStringA                  Setup.obs
372  KERNEL32.GetProcAddress                            Setup.obs
373  KERNEL32.GetProcessId                              Setup.obs
374  KERNEL32.GetProfileSectionA                        Setup.obs
375  KERNEL32.GetProfileStringA                         Setup.obs
376  KERNEL32.GetSystemDefaultLCID                      Setup.obs
377  KERNEL32.GetSystemDefaultLangID                    Setup.obs
378  KERNEL32.GetSystemDefaultUILanguage                Setup.obs
379  KERNEL32.GetTickCount                              Setup.obs
380  KERNEL32.GetUserDefaultLangID                      Setup.obs
381  KERNEL32.GetVersion                                Setup.obs
382  KERNEL32.GetVersionEx                              Setup.obs
383  KERNEL32.GetVolumeInformation                      Setup.obs
384  KERNEL32.GetWindowsDirectory                       Setup.obs
385  KERNEL32.LoadLibraryA                              Setup.obs
386  KERNEL32.SetCurrentDirectoryA                      Setup.obs
387  KERNEL32.SetFileAttributesA                        Setup.obs
388  KERNEL32.Sleep                                     Setup.obs
389  KERNEL32.WritePrivateProfileSectionA               Setup.obs
390  KERNEL32.WritePrivateProfileString                 Setup.obs
391  KERNEL32.WritePrivateProfileStringA                Setup.obs
392  KERNEL32.WriteProfileSectionA                      Setup.obs
393  KERNEL32.WriteProfileStringA                       Setup.obs
394  KERNEL32.lstrlen                                   Setup.obs
395  LOWORD                                             isrt.obl(Misc.obs)
396  LaunchAppAndWait                                   isrt.obl(Extend.obs)
397  LaunchAppAndWaitInitStartupInfo                    isrt.obl(Extend.obs)
398  LaunchApplication                                  isrt.obl(Extend.obs)
399  LaunchApplicationInit                              isrt.obl(Extend.obs)
400  ListAddItem                                        isrt.obl(scrlist.obs)
401  ListAddString                                      isrt.obl(scrlist.obs)
402  ListCount                                          isrt.obl(scrlist.obs)
403  ListCreate                                         isrt.obl(scrlist.obs)
404  ListCurrentString                                  isrt.obl(scrlist.obs)
405  ListDeleteItem                                     isrt.obl(scrlist.obs)
406  ListDeleteString                                   isrt.obl(scrlist.obs)
407  ListDestroy                                        isrt.obl(scrlist.obs)
408  ListFindString                                     isrt.obl(scrlist.obs)
409  ListGetFirstItem                                   isrt.obl(scrlist.obs)
410  ListGetFirstString                                 isrt.obl(scrlist.obs)
411  ListGetNextItem                                    isrt.obl(scrlist.obs)
412  ListGetNextString                                  isrt.obl(scrlist.obs)
413  ListGetType                                        isrt.obl(scrlist.obs)
414  ListReadFromFile                                   isrt.obl(scrlist.obs)
415  ListSetIndex                                       isrt.obl(scrlist.obs)
416  ListValid                                          isrt.obl(scrlist.obs)
417  ListValidType                                      isrt.obl(scrlist.obs)
418  ListWriteToFile                                    isrt.obl(scrlist.obs)
419  ListWriteToFileEx                                  isrt.obl(scrlist.obs)
420  LoadStringFromStringTable                          isrt.obl(Str.obs)
421  LogReadCustomString                                isrt.obl(Misc.obs)
422  LogReadCustomVariant                               isrt.obl(Misc.obs)
423  LogWriteCustomString                               isrt.obl(Misc.obs)
424  LogWriteCustomVariant                              isrt.obl(Misc.obs)
425  LongPathFromShortPath                              isrt.obl(Str.obs)
426  LongPathToQuote                                    isrt.obl(Str.obs)
427  MAKELONG                                           isrt.obl(Misc.obs)
428  MIFCreateMIFFile                                   isrt.obl(MIF.obs)
429  MIFDeleteMIFFile                                   isrt.obl(MIF.obs)
430  MIFInitialize                                      isrt.obl(MIF.obs)
431  MIFSetInformation                                  isrt.obl(MIF.obs)
432  MIFUnInitialize                                    isrt.obl(MIF.obs)
433  MIFWasSetInformationCalled                         isrt.obl(MIF.obs)
434  MIOShutdown                                        isrt.obl(MIO.obs)
435  MIOStartup                                         isrt.obl(MIO.obs)
436  MaintenanceStart                                   isrt.obl(Registry.obs)
437  MediaGetData                                       isrt.obl(Feature.obs)
438  MediaGetDataEx                                     isrt.obl(Feature.obs)
439  MessageBeep                                        isrt.obl(Misc.obs)
440  MessageBox                                         isrt.obl(ISRTScriptDialogsPriv.obs)
441  MessageBoxEx                                       isrt.obl(ISRTScriptDialogsPriv.obs)
442  OnAbort                                            ifx.obl(EventsSetup.obs)
443  OnAppSearch                                        ifx.obl(EventsSetup.obs)
444  OnBegin                                            ifx.obl(EventsSetup.obs)
445  OnCCPSearch                                        ifx.obl(EventsSetup.obs)
446  OnCanceling                                        ifx.obl(EventsSetup.obs)
447  OnCheckMediaPassword                               ifx.obl(EventsSetup.obs)
448  OnComponentError                                   ifx.obl(EventsSetup.obs)
449  OnCustomizeUninstInfo                              ifx.obl(EventsSetup.obs)
450  OnDIFxLogCallback                                  ifx.obl(EventsSetup.obs)
451  OnDIFxLogCallbackImpl                              isrt.obl(ISDIFx.obs)
452  OnEnd                                              ifx.obl(EventsSetup.obs)
453  OnFileError                                        ifx.obl(EventsSetup.obs)
454  OnFileLocked                                       ifx.obl(EventsSetup.obs)
455  OnFileReadOnly                                     ifx.obl(EventsSetup.obs)
456  OnFilterComponents                                 ifx.obl(EventsSetup.obs)
457  OnFirstUIAfter                                     ifx.obl(EventsSetup.obs)
458  OnFirstUIBefore                                    Setup.obs
459  OnHelp                                             ifx.obl(EventsSetup.obs)
460  OnIISAppPoolUninstalling                           ifx.obl(EventsPriv.obs)
461  OnIISCheckRequirements                             ifx.obl(EventsPriv.obs)
462  OnIISComponentInstalled                            ifx.obl(EventsPriv.obs)
463  OnIISInitialize                                    ifx.obl(EventsPriv.obs)
464  OnIISUninitialize                                  ifx.obl(EventsPriv.obs)
465  OnIISVRootUninstalling                             ifx.obl(EventsPriv.obs)
466  OnIISWebServiceExtensionUninstalling               ifx.obl(EventsPriv.obs)
467  OnIISWebSiteUninstalling                           ifx.obl(EventsPriv.obs)
468  OnInstallDRMService                                isrt.obl(Activation.obs)
469  OnInstalledFile                                    ifx.obl(EventsSetup.obs)
470  OnInstalledFontFile                                ifx.obl(EventsSetup.obs)
471  OnInstallingFile                                   ifx.obl(EventsSetup.obs)
472  OnInternetError                                    ifx.obl(EventsSetup.obs)
473  OnLaunchAppAndWaitCallback                         ifx.obl(EventsSetup.obs)
474  OnMD5Error                                         ifx.obl(EventsSetup.obs)
475  OnMaintUIAfter                                     ifx.obl(EventsSetup.obs)
476  OnMaintUIBefore                                    ifx.obl(EventsSetup.obs)
477  OnMoveData                                         ifx.obl(EventsSetup.obs)
478  OnMoved                                            ifx.obl(EventsSetup.obs)
479  OnMoving                                           ifx.obl(EventsSetup.obs)
480  OnNetApiCreateUserAccount                          ifx.obl(EventsSetup.obs)
481  OnNetApiCreateUserAccountInternal                  isrt.obl(NetApiRT.obs)
482  OnNextDisk                                         ifx.obl(EventsSetup.obs)
483  OnRebooted                                         ifx.obl(EventsSetup.obs)
484  OnRemovingSharedFile                               ifx.obl(EventsSetup.obs)
485  OnSQLBatchScripts                                  ifx.obl(EventsPriv.obs)
486  OnSQLComponentInstalled                            ifx.obl(EventsPriv.obs)
487  OnSQLComponentUninstalled                          ifx.obl(EventsPriv.obs)
488  OnSQLServerInitialize                              ifx.obl(EventsPriv.obs)
489  OnSQLServerInitializeMaint                         ifx.obl(EventsPriv.obs)
490  OnSelfRegistrationError                            ifx.obl(EventsSetup.obs)
491  OnSetTARGETDIR                                     ifx.obl(EventsSetup.obs)
492  OnSetUpdateMode                                    ifx.obl(EventsSetup.obs)
493  OnShowUI                                           ifx.obl(EventsSetup.obs)
494  OnUnInstallDRMService                              isrt.obl(Activation.obs)
495  OnUnhandledException                               ifx.obl(EventsPriv.obs)
496  OnUninstall                                        ifx.obl(EventsSetup.obs)
497  OnUninstalledFile                                  ifx.obl(EventsSetup.obs)
498  OnUninstallingDIFxDriverFile                       ifx.obl(EventsSetup.obs)
499  OnUninstallingFile                                 ifx.obl(EventsSetup.obs)
500  OnUninstallingFontFile                             ifx.obl(EventsSetup.obs)
501  OnUpdateUIAfter                                    ifx.obl(EventsSetup.obs)
502  OnUpdateUIBefore                                   ifx.obl(EventsSetup.obs)
503  OnXMLComponentInstalled                            ifx.obl(EventsPriv.obs)
504  OnXMLComponentUninstalling                         ifx.obl(EventsPriv.obs)
505  OnXMLInitialize                                    ifx.obl(EventsPriv.obs)
506  OnXMLUninitialize                                  ifx.obl(EventsPriv.obs)
507  OpenFile                                           isrt.obl(Files.obs)
508  OpenFileMode                                       isrt.obl(Files.obs)
509  ParsePath                                          isrt.obl(Str.obs)
510  Postprogram                                        ifx.obl(EventsSetupPriv.obs)
511  Preprogram                                         ifx.obl(EventsSetupPriv.obs)
512  PthFixPath                                         isrt.obl(Pth.obs)
513  PthIsAbsPath                                       isrt.obl(Pth.obs)
514  ReadProperties                                     ifx.obl(PersistPropertyBag.obs)
515  Rebooted                                           isrt.obl(Driver.obs)
516  RegDBDeleteItem                                    isrt.obl(Registry.obs)
517  RegDBDeleteValue                                   isrt.obl(Registry.obs)
518  RegDBDeleteValueEx                                 isrt.obl(Registry.obs)
519  RegDBDeleteValueEx32                               isrt.obl(Registry.obs)
520  RegDBGetDefaultRoot                                isrt.obl(SysVars.obs)
521  RegDBGetItem                                       isrt.obl(Registry.obs)
522  RegDBGetKeyValueEx                                 isrt.obl(Registry.obs)
523  RegDBQueryKey                                      isrt.obl(Registry.obs)
524  RegDBQueryKeyCount                                 isrt.obl(Registry.obs)
525  RegDBQueryStringMultiStringCount                   isrt.obl(Registry.obs)
526  RegDBQueryValue                                    isrt.obl(Registry.obs)
527  RegDBQueryValue32                                  isrt.obl(Registry.obs)
528  RegDBSetDefaultRoot                                isrt.obl(SysVars.obs)
529  RegDBSetItem                                       isrt.obl(Registry.obs)
530  RegDBSetKeyValueEx                                 isrt.obl(Registry.obs)
531  RegDBSetValue                                      isrt.obl(Registry.obs)
532  RegDBSetValue32                                    isrt.obl(Registry.obs)
533  RegDBSetVersion                                    isrt.obl(Registry.obs)
534  RegisterFontResource                               isrt.obl(Misc.obs)
535  ReleaseDialog                                      isrt.obl(CustomDialog.obs)
536  ReplaceProfString                                  isrt.obl(Profile.obs)
537  SdAskDestPath                                      isrt.obl(ISRTScriptDialogs.obs)
538  SdCloseDlg                                         isrt.obl(SDINT.obs)
539  SdComponentDlgCheckSpace                           isrt.obl(SDINT.obs)
540  SdDlgToTop                                         isrt.obl(SDINT.obs)
541  SdDoStdButton                                      isrt.obl(SDINT.obs)
542  SdEnablement                                       isrt.obl(SDINT.obs)
543  SdError                                            isrt.obl(SDINT.obs)
544  SdExceptionsInit                                   isrt.obl(ISRTScriptDialogsPriv.obs)
545  SdFeatureTree                                      isrt.obl(ISRTScriptDialogs.obs)
546  SdFinish                                           isrt.obl(ISRTScriptDialogs.obs)
547  SdFinishReboot                                     isrt.obl(ISRTScriptDialogs.obs)
548  SdGeneralInit                                      isrt.obl(SDINT.obs)
549  SdInit                                             isrt.obl(SDINT.obs)
550  SdIsStdButton                                      isrt.obl(SDINT.obs)
551  SdLoadString                                       isrt.obl(SDINT.obs)
552  SdMakeName                                         isrt.obl(SDINT.obs)
553  SdOptionsButtons                                   isrt.obl(ISRTScriptDialogs.obs)
554  SdOptionsButtonsInit                               isrt.obl(ISRTScriptDialogs.obs)
555  SdPlugInProductName                                isrt.obl(SDINT.obs)
556  SdSetDlgTitle                                      isrt.obl(SDINT.obs)
557  SdSetStatic                                        isrt.obl(SDINT.obs)
558  SdShowMsg                                          isrt.obl(ISRTScriptDialogsPriv.obs)
559  SdSubstituteProductInfo                            isrt.obl(SDINT.obs)
560  SdUnInit                                           isrt.obl(SDINT.obs)
561  SdWelcome                                          isrt.obl(ISRTScriptDialogs.obs)
562  SdWelcomeMaint                                     isrt.obl(ISRTScriptDialogs.obs)
563  SelectDir                                          isrt.obl(ISRTScriptDialogsPriv.obs)
564  SelectDirNoLog                                     isrt.obl(ISRTScriptDialogsPriv.obs)
565  SendMessage                                        isrt.obl(Misc.obs)
566  ServiceInitParams                                  isrt.obl(Service.obs)
567  SetCmdLine                                         isrt.obl(SysVars.obs)
568  SetDialogTitle                                     isrt.obl(Dialogs.obs)
569  SetDisplayEffect                                   isrt.obl(ui.obs)
570  SetExtendedErrInfo                                 isrt.obl(IsUtil.obs)
571  SetStatus                                          ifx.obl(EventsSetupPriv.obs)
572  SetStatusEx                                        ifx.obl(EventsSetupPriv.obs)
573  SetStatusExStaticText                              isrt.obl(ui.obs)
574  SetStatusWindow                                    isrt.obl(ui.obs)
575  SetTitle                                           isrt.obl(ui.obs)
576  SetupTraceWrite                                    isrt.obl(Misc.obs)
577  Shell32.ShellExecuteEx                             Setup.obs
578  ShowObjWizardPages                                 isrt.obl(Objects.obs)
579  ShowWizardPages                                    isrt.obl(Driver.obs)
580  SilentCreateFile                                   isrt.obl(Silent.obs)
581  SilentDoGeneralInfo                                isrt.obl(Silent.obs)
582  SilentFailed                                       isrt.obl(Silent.obs)
583  SilentFinish                                       isrt.obl(Silent.obs)
584  SilentInit                                         isrt.obl(Silent.obs)
585  SilentLogWriteData                                 isrt.obl(Silent.obs)
586  SilentReadData                                     isrt.obl(Silent.obs)
587  SilentSetInfo                                      isrt.obl(Silent.obs)
588  SilentSetMode                                      isrt.obl(Silent.obs)
589  SilentWriteData                                    isrt.obl(Silent.obs)
590  Sprintf                                            isrt.obl(Str.obs)
591  SprintfBox                                         isrt.obl(ISRTScriptDialogsPriv.obs)
592  StatusUpdate                                       isrt.obl(ui.obs)
593  StrAddLastSlash                                    isrt.obl(Str.obs)
594  StrConcatNullDelimitedStrings                      isrt.obl(Str.obs)
595  StrConvertSizeUnit                                 isrt.obl(Str.obs)
596  StrFindEx                                          isrt.obl(Str.obs)
597  StrGetTokens                                       isrt.obl(Str.obs)
598  StrLength                                          isrt.obl(Str.obs)
599  StrPutTokens                                       isrt.obl(Str.obs)
600  StrRemoveLastSlash                                 isrt.obl(Str.obs)
601  StrReplace                                         isrt.obl(Str.obs)
602  StrToNumHex                                        isrt.obl(Str.obs)
603  StrToUpper                                         isrt.obl(Str.obs)
604  StrTrim                                            isrt.obl(Str.obs)
605  SysVarsInit                                        isrt.obl(SysVars.obs)
606  SysVarsTrace                                       isrt.obl(SysVars.obs)
607  SysVarsUnInit                                      isrt.obl(SysVars.obs)
608  System                                             isrt.obl(Misc.obs)
609  SystemRestoreCancelRestorePointIS                  isrt.obl(PCRestore.obs)
610  SystemRestoreCloseRestorePointIS                   isrt.obl(PCRestore.obs)
611  SystemRestoreDisableIS                             isrt.obl(PCRestore.obs)
612  SystemRestoreIsEnabledIS                           isrt.obl(PCRestore.obs)
613  SystemRestoreOpenRestorePointIS                    isrt.obl(PCRestore.obs)
614  TextSubGetValue                                    isrt.obl(TextSub.obs)
615  TextSubParseTextSub                                isrt.obl(TextSub.obs)
616  TextSubSetValue                                    isrt.obl(TextSub.obs)
617  TextSubSubstitute                                  isrt.obl(TextSub.obs)
618  TreeViewCreate                                     isrt.obl(CmptView.obs)
619  USER.EnableWindow                                  Setup.obs
620  USER.GetClassName                                  Setup.obs
621  USER.GetDC                                         Setup.obs
622  USER.GetDlgItem                                    Setup.obs
623  USER.GetFocus                                      Setup.obs
624  USER.GetWindowLong                                 Setup.obs
625  USER.GetWindowRect                                 Setup.obs
626  USER.IsIconic                                      Setup.obs
627  USER.IsWindow                                      Setup.obs
628  USER.IsWindowEnabled                               Setup.obs
629  USER.PostMessage                                   Setup.obs
630  USER.ReleaseDC                                     Setup.obs
631  USER.SendMessageA                                  Setup.obs
632  USER.SetFocus                                      Setup.obs
633  USER.SetWindowPos                                  Setup.obs
634  USER.SetWindowText                                 Setup.obs
635  USER.ShowWindow                                    Setup.obs
636  USER32.CharUpperBuffA                              Setup.obs
637  USER32.DispatchMessage                             Setup.obs
638  USER32.GetDesktopWindow                            Setup.obs
639  USER32.GetSystemMetrics                            Setup.obs
640  USER32.GetWindowText                               Setup.obs
641  USER32.GetWindowTextLength                         Setup.obs
642  USER32.IsWindowVisible                             Setup.obs
643  USER32.MessageBoxA                                 Setup.obs
644  USER32.MsgWaitForMultipleObjects                   Setup.obs
645  USER32.PeekMessageA                                Setup.obs
646  USER32.SendMessageA                                Setup.obs
647  USER32.SetForegroundWindow                         Setup.obs
648  USER32.SetWindowLong                               Setup.obs
649  USER32.SetWindowRgn                                Setup.obs
650  USER32.TranslateMessage                            Setup.obs
651  USER32.WaitForInputIdle                            Setup.obs
652  UpdateServiceEnableUpdateService                   isrt.obl(ISUpdateService.obs)
653  VarInit                                            isrt.obl(SysVars.obs)
654  VarRestore                                         isrt.obl(SysVars.obs)
655  VarRestoreISRT                                     isrt.obl(SysVars.obs)
656  VarSave                                            isrt.obl(SysVars.obs)
657  VarSaveISRT                                        isrt.obl(SysVars.obs)
658  VerCompare                                         isrt.obl(version.obs)
659  VerProductCompareVersions                          isrt.obl(version.obs)
660  VerProductGetInstalledVersion                      isrt.obl(version.obs)
661  VerProductIsVersionSupported                       isrt.obl(version.obs)
662  VerProductNumToStr                                 isrt.obl(version.obs)
663  VerProductStrToNum                                 isrt.obl(version.obs)
664  VerProductVerFromVerParts                          isrt.obl(version.obs)
665  VerProductVerPartsFromVer                          isrt.obl(version.obs)
666  WaitForApplication                                 isrt.obl(Extend.obs)
667  WaitOnDialog                                       isrt.obl(CustomDialog.obs)
668  WizardDirection                                    ifx.obl(EventsSetupPriv.obs)
669  WriteLine                                          isrt.obl(Files.obs)
670  WriteProfInt                                       isrt.obl(Profile.obs)
671  WriteProfString                                    isrt.obl(Profile.obs)
672  WriteProperties                                    ifx.obl(PersistPropertyBag.obs)
673  XCopyFile                                          isrt.obl(Files.obs)
674  __ISRTDoExit                                       isrt.obl(Misc.obs)
675  __ISRTInit                                         isrt.obl(ISRTInit.obs)
676  __ISRTRestoreMainLog                               isrt.obl(ISRTInit.obs)
677  __ISRTRestoreMainLogEx                             isrt.obl(ISRTInit.obs)
678  __ISRTSetComponentLog                              isrt.obl(ISRTInit.obs)
679  __ISRTUnInit                                       isrt.obl(ISRTInit.obs)
680  __LoadIScriptString                                isrt.obl(LoadStr.obs)
681  program                                            ifx.obl(EventsSetupPriv.obs)
682  sfc.SRSetRestorePoint                              Setup.obs


***** External Variables *****
1    ADDREMOVE                                          isrt.obl(DebugSymbols.obs)
2    ADDREMOVE_COMBINEDBUTTON                           Setup.obs
3    ADDREMOVE_HIDECHANGEOPTION                         Setup.obs
4    ADDREMOVE_HIDEREMOVEOPTION                         Setup.obs
5    ADDREMOVE_HIDEREPAIROPTION                         Setup.obs
6    ADDREMOVE_STRING_REMOVEONLY                        Setup.obs
7    ADDREMOVE_SYSTEMCOMPONENT                          Setup.obs
8    ADMINUSER                                          Setup.obs
9    ALLUSERS                                           Setup.obs
10   BASICMSI                                           isrt.obl(DebugSymbols.obs)
11   BATCH_INSTALL                                      Setup.obs
12   CMDLINE                                            isrt.obl(DebugSymbols.obs)
13   COMMONFILES                                        isrt.obl(DebugSymbols.obs)
14   COMMONFILES64                                      isrt.obl(DebugSymbols.obs)
15   DISABLE_ALLUSERBTN                                 Setup.obs
16   DISABLE_PERUSERBTN                                 Setup.obs
17   DISK1SETUPEXENAME                                  isrt.obl(DebugSymbols.obs)
18   DISK1TARGET                                        Setup.obs
19   ENABLED_ISERVICES                                  isrt.obl(DebugSymbols.obs)
20   ENGINECOMMONDIR                                    isrt.obl(DebugSymbols.obs)
21   ENGINEDIR                                          isrt.obl(DebugSymbols.obs)
22   ERRORFILENAME                                      Setup.obs
23   Err                                                Setup.obs
24   FILETIME                                           Setup.obs
25   FIND_DATA                                          Setup.obs
26   FOLDER_APPDATA                                     isrt.obl(DebugSymbols.obs)
27   FOLDER_COMMON_APPDATA                              isrt.obl(DebugSymbols.obs)
28   FOLDER_DESKTOP                                     isrt.obl(DebugSymbols.obs)
29   FOLDER_DOTNET_10                                   isrt.obl(DebugSymbols.obs)
30   FOLDER_DOTNET_11                                   isrt.obl(DebugSymbols.obs)
31   FOLDER_DOTNET_20                                   isrt.obl(DebugSymbols.obs)
32   FOLDER_DOTNET_30                                   isrt.obl(DebugSymbols.obs)
33   FOLDER_DOTNET_35                                   isrt.obl(DebugSymbols.obs)
34   FOLDER_FONTS                                       isrt.obl(DebugSymbols.obs)
35   FOLDER_LOCAL_APPDATA                               isrt.obl(DebugSymbols.obs)
36   FOLDER_PERSONAL                                    isrt.obl(DebugSymbols.obs)
37   FOLDER_PROGRAMS                                    isrt.obl(DebugSymbols.obs)
38   FOLDER_STARTMENU                                   isrt.obl(DebugSymbols.obs)
39   FOLDER_STARTUP                                     isrt.obl(DebugSymbols.obs)
40   FOLDER_TEMP                                        isrt.obl(DebugSymbols.obs)
41   FileRegistrar                                      Setup.obs
42   HIDE_DISABLED_BTNS                                 Setup.obs
43   HKEYCURRENTROOTKEY                                 Setup.obs
44   IFX_COMPANY_NAME                                   Setup.obs
45   IFX_DISK1INSTALLED                                 Setup.obs
46   IFX_INITIALIZED                                    Setup.obs
47   IFX_INSTALLED_DISPLAY_VERSION                      Setup.obs
48   IFX_INSTALLED_VERSION                              Setup.obs
49   IFX_KEYPATH_PRODUCT_INFO                           Setup.obs
50   IFX_MULTI_INSTANCE_SUFFIX                          Setup.obs
51   IFX_OPEN_RESTORE_POINT                             isrt.obl(PCRestore.obs)
52   IFX_PRODUCT_COMMENTS                               Setup.obs
53   IFX_PRODUCT_DISPLAY_NAME                           Setup.obs
54   IFX_PRODUCT_DISPLAY_VERSION                        Setup.obs
55   IFX_PRODUCT_ICON                                   Setup.obs
56   IFX_PRODUCT_KEY                                    Setup.obs
57   IFX_PRODUCT_NAME                                   Setup.obs
58   IFX_PRODUCT_README                                 Setup.obs
59   IFX_PRODUCT_REGISTEREDCOMPANY                      Setup.obs
60   IFX_PRODUCT_REGISTEREDOWNER                        Setup.obs
61   IFX_PRODUCT_REGISTEREDSERIALNUM                    Setup.obs
62   IFX_PRODUCT_SUPPORT_CONTACT                        Setup.obs
63   IFX_PRODUCT_SUPPORT_PHONE                          Setup.obs
64   IFX_PRODUCT_SUPPORT_URL                            Setup.obs
65   IFX_PRODUCT_UPDATE_URL                             Setup.obs
66   IFX_PRODUCT_URL                                    Setup.obs
67   IFX_PRODUCT_VERSION                                Setup.obs
68   IFX_RESTORE_DISABLED                               isrt.obl(PCRestore.obs)
69   IFX_SETUP_TITLE                                    Setup.obs
70   IFX_SUPPORTED_VERSIONS                             Setup.obs
71   IISROOTFOLDER                                      isrt.obl(DebugSymbols.obs)
72   INSTALLSCRIPTMSI                                   isrt.obl(DebugSymbols.obs)
73   INSTALLSCRIPTMSIEEUI                               isrt.obl(DebugSymbols.obs)
74   INSTANCE_GUID                                      isrt.obl(DebugSymbols.obs)
75   ISDIFXAPPID                                        Setup.obs
76   ISRES                                              isrt.obl(DebugSymbols.obs)
77   ISUSER                                             isrt.obl(DebugSymbols.obs)
78   ISUTIL_FUNCTION_ACTUAL_ERROR                       Setup.obs
79   ISUTIL_LINE_NUMBER                                 Setup.obs
80   ISUTIL_SCRIPT_FILE                                 Setup.obs
81   ISVERSION                                          isrt.obl(DebugSymbols.obs)
82   IS_NULLSTR_PTR                                     Setup.obs
83   InetSRCDIR                                         Setup.obs
84   LAAW_PARAMETERS                                    Setup.obs
85   LAAW_PROCESS_INFORMATION                           Setup.obs
86   LAAW_SHELLEXECUTEINFO                              Setup.obs
87   LAAW_SHELLEXECUTEVERB                              Setup.obs
88   LAAW_STARTUPINFO                                   Setup.obs
89   LAST_RESULT                                        Setup.obs
90   LogDB                                              Setup.obs
91   MAINTENANCE                                        isrt.obl(DebugSymbols.obs)
92   MAINT_OPTION                                       isrt.obl(DebugSymbols.obs)
93   MEDIA                                              Setup.obs
94   MEDIA_INFO                                         isrt.obl(Feature.obs)
95   MODE                                               Setup.obs
96   MSG                                                Setup.obs
97   MULTI_INSTANCE_COUNT                               isrt.obl(DebugSymbols.obs)
98   MainWindow                                         Setup.obs
99   NOTHING                                            Setup.obs
100  OSINFO_PLATFORM_INFO                               Setup.obs
101  OSINFO_PROCESSOR_INFO                              Setup.obs
102  OSVERSIONINFO                                      Setup.obs
103  OSVERSIONINFOEX                                    Setup.obs
104  Objects                                            Setup.obs
105  PACKAGE_LOCATION                                   isrt.obl(DebugSymbols.obs)
106  POINT                                              Setup.obs
107  PRIVILEGED                                         Setup.obs
108  PROCESS_INFORMATION                                Setup.obs
109  PRODUCT_GUID                                       isrt.obl(DebugSymbols.obs)
110  PROGRAMFILES                                       isrt.obl(DebugSymbols.obs)
111  PROGRAMFILES64                                     isrt.obl(DebugSymbols.obs)
112  RECT                                               Setup.obs
113  REGDB_OPTIONS                                      Setup.obs
114  REINSTALLMODE                                      isrt.obl(DebugSymbols.obs)
115  REMOVEALLMODE                                      isrt.obl(DebugSymbols.obs)
116  REMOVEONLY                                         isrt.obl(DebugSymbols.obs)
117  RUN_ONCE_PROGRAM                                   isrt.obl(DebugSymbols.obs)
118  Reboot                                             Setup.obs
119  SELECTED_LANGUAGE                                  isrt.obl(DebugSymbols.obs)
120  SERVICE_IS_PARAMS                                  Setup.obs
121  SETUPTYPE_STR_COMPACT                              Setup.obs
122  SETUPTYPE_STR_COMPLETE                             Setup.obs
123  SETUPTYPE_STR_CUSTOM                               Setup.obs
124  SETUPTYPE_STR_TYPICAL                              Setup.obs
125  SHAREDSUPPORTDIR                                   isrt.obl(DebugSymbols.obs)
126  SHELLEXECUTEINFO                                   Setup.obs
127  SHELL_OBJECT_FOLDER                                Setup.obs
128  SHOW_PASSWORD_DIALOG                               isrt.obl(DebugSymbols.obs)
129  SRCDIR                                             Setup.obs
130  SRCDISK                                            isrt.obl(DebugSymbols.obs)
131  STANDARD_SELECTED_LANGUAGE                         isrt.obl(DebugSymbols.obs)
132  STARTUPINFO                                        Setup.obs
133  SUPPORTDIR                                         isrt.obl(DebugSymbols.obs)
134  SYSINFO                                            Setup.obs
135  SYSPROCESSORINFO                                   Setup.obs
136  SYSTEMTIME                                         Setup.obs
137  SetupInfo                                          Setup.obs
138  StatusDlg                                          Setup.obs
139  TARGETDIR                                          Setup.obs
140  TARGETDISK                                         isrt.obl(DebugSymbols.obs)
141  TextSub                                            Setup.obs
142  UNINST                                             Setup.obs
143  UNINSTALLKEY                                       Setup.obs
144  UNINSTALL_DISPLAYNAME                              Setup.obs
145  UNINSTALL_STRING                                   Setup.obs
146  UPDATEMODE                                         Setup.obs
147  WINDIR                                             isrt.obl(DebugSymbols.obs)
148  WINDISK                                            isrt.obl(DebugSymbols.obs)
149  WINSYSDIR                                          isrt.obl(DebugSymbols.obs)
150  WINSYSDIR64                                        isrt.obl(DebugSymbols.obs)
151  WINSYSDISK                                         isrt.obl(DebugSymbols.obs)
152  _FONTFILEINFO                                      Setup.obs
153  _INT64                                             Setup.obs
154  _ISDIFXINSTALLERINFO                               isrt.obl(ISDIFx.obs)
155  _LAAW_PARAMETERS                                   Setup.obs
156  _LAAW_TEMP_DATA                                    isrt.obl(Extend.obs)
157  _RESTOREPOINTINFO                                  Setup.obs
158  _SERVICE_IS_PARAMS                                 Setup.obs
159  _STATEMGRSTATUS                                    Setup.obs
160  _WIN9X                                             Setup.obs
161  _WINNT                                             Setup.obs
162  __hContext                                         Setup.obs
163  __objGlobalTextSub                                 Setup.obs
164  __szGUID                                           Setup.obs
165  bBackButton                                        Setup.obs
166  bCancelButton                                      Setup.obs
167  bEnterDiskBeep                                     Setup.obs
168  bFinishButton                                      Setup.obs
169  bIFXLFNoToAll                                      Setup.obs
170  bIFXLFOnRebootToAll                                Setup.obs
171  bIFXLFYesToAll                                     Setup.obs
172  bIFXMD5IgnoreToAll                                 Setup.obs
173  bIFXRONoToAll                                      Setup.obs
174  bIFXROYesToAll                                     Setup.obs
175  bIFXSFNoToAll                                      Setup.obs
176  bIFXSFYesToAll                                     Setup.obs
177  bInstall16                                         Setup.obs
178  bNextButton                                        Setup.obs
179  bSdInit                                            Setup.obs
180  bViewCmptKunits                                    Setup.obs
181  bViewCmptUseDecimal                                Setup.obs
182  g_bSuppressMissingStringWarning                    isrt.obl(Enable.obs)
183  nDlgAskYesNo                                       Setup.obs
184  nDlgEnterPassword                                  Setup.obs
185  nDlgMessageBox                                     Setup.obs
186  nDlgSelectDir                                      Setup.obs
187  nDlgSprintfBox                                     Setup.obs
188  nSdAskDestPath                                     Setup.obs
189  nSdComponentTree                                   Setup.obs
190  nSdFinish                                          Setup.obs
191  nSdFinishReboot                                    Setup.obs
192  nSdOptionsButtons                                  Setup.obs
193  nSdWelcome                                         Setup.obs
194  nSdWelcomeMaint                                    Setup.obs
195  szAppKey                                           Setup.obs
196  szSdProduct                                        Setup.obs
197  szSdStr_NotEnoughSpace                             Setup.obs
